> Task :generateEffectiveLombokConfig UP-TO-DATE
> Task :extractIncludeProto UP-TO-DATE
> Task :extractProto UP-TO-DATE
> Task :generateProto UP-TO-DATE

> Task :compileJava FAILED
/Users/aousganeh/Desktop/fitnest/code/catalog-service/src/main/java/az/fitnest/catalog/controller/GymAdminController.java:22: error: RestController is not a repeatable annotation type
@RestController
^
/Users/aousganeh/Desktop/fitnest/code/catalog-service/src/main/java/az/fitnest/catalog/controller/GymAdminController.java:23: error: RequestMapping is not a repeatable annotation type
@RequestMapping("/api/v1/admin/gyms")
^
/Users/aousganeh/Desktop/fitnest/code/catalog-service/src/main/java/az/fitnest/catalog/controller/GymAdminController.java:24: error: RequiredArgsConstructor is not a repeatable annotation type
@RequiredArgsConstructor
^
/Users/aousganeh/Desktop/fitnest/code/catalog-service/src/main/java/az/fitnest/catalog/dto/PaginatedResponse.java:24: error: cannot find symbol
        return PaginatedResponse.<T>builder()
                                ^
  symbol:   method <T>builder()
  location: class PaginatedResponse
  where T is a type-variable:
    T extends Object declared in method <T>of(Page<T>)
/Users/aousganeh/Desktop/fitnest/code/catalog-service/src/main/java/az/fitnest/catalog/service/impl/GymReadService.java:60: error: cannot find symbol
            return GymRoomDto.builder().room_name(entry.getKey()).images(images).build();
                             ^
  symbol:   method builder()
  location: class GymRoomDto
/Users/aousganeh/Desktop/fitnest/code/catalog-service/src/main/java/az/fitnest/catalog/service/impl/GymReadService.java:61: error: incompatible types: inference variable T has incompatible bounds
        }).collect(Collectors.toList());
                  ^
    equality constraints: GymRoomDto
    lower bounds: Object
  where T is a type-variable:
    T extends Object declared in method <T>toList()
/Users/aousganeh/Desktop/fitnest/code/catalog-service/src/main/java/az/fitnest/catalog/service/impl/GymReadService.java:65: error: cannot find symbol
            if (gym.getSubscriptions() != null && !gym.getSubscriptions().isEmpty()) {
                   ^
  symbol:   method getSubscriptions()
  location: variable gym of type Gym
/Users/aousganeh/Desktop/fitnest/code/catalog-service/src/main/java/az/fitnest/catalog/service/impl/GymReadService.java:65: error: cannot find symbol
            if (gym.getSubscriptions() != null && !gym.getSubscriptions().isEmpty()) {
                                                      ^
  symbol:   method getSubscriptions()
  location: variable gym of type Gym
/Users/aousganeh/Desktop/fitnest/code/catalog-service/src/main/java/az/fitnest/catalog/service/impl/GymReadService.java:66: error: cannot find symbol
                List<Long> planIds = gym.getSubscriptions().stream()
                                        ^
  symbol:   method getSubscriptions()
  location: variable gym of type Gym
/Users/aousganeh/Desktop/fitnest/code/catalog-service/src/main/java/az/fitnest/catalog/service/impl/GymReadService.java:67: error: invalid method reference
                        .map(az.fitnest.catalog.model.entity.GymSubscription::getPlanId)
                             ^
  cannot find symbol
    symbol:   method getPlanId()
    location: class GymSubscription
/Users/aousganeh/Desktop/fitnest/code/catalog-service/src/main/java/az/fitnest/catalog/service/impl/GymReadService.java:74: error: cannot find symbol
                    az.fitnest.catalog.model.entity.GymSubscription matchingSub = gym.getSubscriptions().stream()
                                                                                     ^
  symbol:   method getSubscriptions()
  location: variable gym of type Gym
/Users/aousganeh/Desktop/fitnest/code/catalog-service/src/main/java/az/fitnest/catalog/service/impl/GymReadService.java:79: error: cannot find symbol
                    if (matchingSub != null && matchingSub.getBenefits() != null) {
                                                          ^
  symbol:   method getBenefits()
  location: variable matchingSub of type GymSubscription
/Users/aousganeh/Desktop/fitnest/code/catalog-service/src/main/java/az/fitnest/catalog/service/impl/GymReadService.java:80: error: cannot find symbol
                        benefitsList = matchingSub.getBenefits().stream()
                                                  ^
  symbol:   method getBenefits()
  location: variable matchingSub of type GymSubscription
/Users/aousganeh/Desktop/fitnest/code/catalog-service/src/main/java/az/fitnest/catalog/service/impl/GymReadService.java:81: error: invalid method reference
                                .map(az.fitnest.catalog.model.entity.GymSubscriptionBenefit::getBenefit)
                                     ^
  cannot find symbol
    symbol:   method getBenefit()
    location: class GymSubscriptionBenefit
/Users/aousganeh/Desktop/fitnest/code/catalog-service/src/main/java/az/fitnest/catalog/service/impl/GymReadService.java:111: error: cannot find symbol
        return GymDetailResponse.builder()
                                ^
  symbol:   method builder()
  location: class GymDetailResponse
/Users/aousganeh/Desktop/fitnest/code/catalog-service/src/main/java/az/fitnest/catalog/service/impl/GymReadService.java:112: error: cannot find symbol
                .gym_id(gym.getId().toString())
                           ^
  symbol:   method getId()
  location: variable gym of type Gym
/Users/aousganeh/Desktop/fitnest/code/catalog-service/src/main/java/az/fitnest/catalog/service/impl/GymReadService.java:113: error: cannot find symbol
                .name(gym.getName())
                         ^
  symbol:   method getName()
  location: variable gym of type Gym
/Users/aousganeh/Desktop/fitnest/code/catalog-service/src/main/java/az/fitnest/catalog/service/impl/GymReadService.java:114: error: cannot find symbol
                .description(gym.getDescription())
                                ^
  symbol:   method getDescription()
  location: variable gym of type Gym
/Users/aousganeh/Desktop/fitnest/code/catalog-service/src/main/java/az/fitnest/catalog/service/impl/GymReadService.java:116: error: cannot find symbol
                .address(gym.getAddress() != null ? az.fitnest.catalog.dto.LocationDto.builder()
                            ^
  symbol:   method getAddress()
  location: variable gym of type Gym
/Users/aousganeh/Desktop/fitnest/code/catalog-service/src/main/java/az/fitnest/catalog/service/impl/GymReadService.java:116: error: cannot find symbol
                .address(gym.getAddress() != null ? az.fitnest.catalog.dto.LocationDto.builder()
                                                                                      ^
  symbol:   method builder()
  location: class LocationDto
/Users/aousganeh/Desktop/fitnest/code/catalog-service/src/main/java/az/fitnest/catalog/service/impl/GymReadService.java:117: error: cannot find symbol
                        .addressText(gym.getAddress().getAddressText())
                                        ^
  symbol:   method getAddress()
  location: variable gym of type Gym
/Users/aousganeh/Desktop/fitnest/code/catalog-service/src/main/java/az/fitnest/catalog/service/impl/GymReadService.java:118: error: cannot find symbol
                        .city(gym.getAddress().getCity())
                                 ^
  symbol:   method getAddress()
  location: variable gym of type Gym
/Users/aousganeh/Desktop/fitnest/code/catalog-service/src/main/java/az/fitnest/catalog/service/impl/GymReadService.java:119: error: cannot find symbol
                        .latitude(gym.getAddress().getLatitude())
                                     ^
  symbol:   method getAddress()
  location: variable gym of type Gym
/Users/aousganeh/Desktop/fitnest/code/catalog-service/src/main/java/az/fitnest/catalog/service/impl/GymReadService.java:120: error: cannot find symbol
                        .longitude(gym.getAddress().getLongitude())
                                      ^
  symbol:   method getAddress()
  location: variable gym of type Gym
/Users/aousganeh/Desktop/fitnest/code/catalog-service/src/main/java/az/fitnest/catalog/service/impl/GymReadService.java:122: error: cannot find symbol
                .phone(gym.getPhone())
                          ^
  symbol:   method getPhone()
  location: variable gym of type Gym
/Users/aousganeh/Desktop/fitnest/code/catalog-service/src/main/java/az/fitnest/catalog/service/impl/GymReadService.java:123: error: cannot find symbol
                .email(gym.getEmail())
                          ^
  symbol:   method getEmail()
  location: variable gym of type Gym
/Users/aousganeh/Desktop/fitnest/code/catalog-service/src/main/java/az/fitnest/catalog/service/impl/GymReadService.java:129: error: cannot find symbol
                .qr_code_url(gym.getQrCodeUrl())
                                ^
  symbol:   method getQrCodeUrl()
  location: variable gym of type Gym
/Users/aousganeh/Desktop/fitnest/code/catalog-service/src/main/java/az/fitnest/catalog/service/impl/GymReadService.java:130: error: cannot find symbol
                .responsiblePerson(gym.getResponsiblePerson())
                                      ^
  symbol:   method getResponsiblePerson()
  location: variable gym of type Gym
/Users/aousganeh/Desktop/fitnest/code/catalog-service/src/main/java/az/fitnest/catalog/service/impl/GymReadService.java:131: error: cannot find symbol
                .status(gym.getStatus())
                           ^
  symbol:   method getStatus()
  location: variable gym of type Gym
/Users/aousganeh/Desktop/fitnest/code/catalog-service/src/main/java/az/fitnest/catalog/service/impl/GymReadService.java:164: error: cannot find symbol
                .filter(gym -> gym.getAddress() != null && gym.getAddress().getLatitude() != null && gym.getAddress().getLongitude() != null)
                                  ^
  symbol:   method getAddress()
  location: variable gym of type Gym
/Users/aousganeh/Desktop/fitnest/code/catalog-service/src/main/java/az/fitnest/catalog/service/impl/GymReadService.java:164: error: cannot find symbol
                .filter(gym -> gym.getAddress() != null && gym.getAddress().getLatitude() != null && gym.getAddress().getLongitude() != null)
                                                              ^
  symbol:   method getAddress()
  location: variable gym of type Gym
/Users/aousganeh/Desktop/fitnest/code/catalog-service/src/main/java/az/fitnest/catalog/service/impl/GymReadService.java:164: error: cannot find symbol
                .filter(gym -> gym.getAddress() != null && gym.getAddress().getLatitude() != null && gym.getAddress().getLongitude() != null)
                                                                                                        ^
  symbol:   method getAddress()
  location: variable gym of type Gym
/Users/aousganeh/Desktop/fitnest/code/catalog-service/src/main/java/az/fitnest/catalog/service/impl/GymReadService.java:166: error: cannot find symbol
                    double rawDistance = calculateDistanceRaw(lat, lng, gym.getAddress().getLatitude(), gym.getAddress().getLongitude());
                                                                           ^
  symbol:   method getAddress()
  location: variable gym of type Gym
/Users/aousganeh/Desktop/fitnest/code/catalog-service/src/main/java/az/fitnest/catalog/service/impl/GymReadService.java:166: error: cannot find symbol
                    double rawDistance = calculateDistanceRaw(lat, lng, gym.getAddress().getLatitude(), gym.getAddress().getLongitude());
                                                                                                           ^
  symbol:   method getAddress()
  location: variable gym of type Gym
/Users/aousganeh/Desktop/fitnest/code/catalog-service/src/main/java/az/fitnest/catalog/service/impl/GymReadService.java:167: error: cannot find symbol
                    boolean isNew = gym.getCreatedDate() != null && gym.getCreatedDate().isAfter(newThreshold);
                                       ^
  symbol:   method getCreatedDate()
  location: variable gym of type Gym
/Users/aousganeh/Desktop/fitnest/code/catalog-service/src/main/java/az/fitnest/catalog/service/impl/GymReadService.java:167: error: cannot find symbol
                    boolean isNew = gym.getCreatedDate() != null && gym.getCreatedDate().isAfter(newThreshold);
                                                                       ^
  symbol:   method getCreatedDate()
  location: variable gym of type Gym
/Users/aousganeh/Desktop/fitnest/code/catalog-service/src/main/java/az/fitnest/catalog/service/impl/GymReadService.java:170: error: cannot find symbol
                                .gymId(gym.getId())
                                          ^
  symbol:   method getId()
  location: variable gym of type Gym
/Users/aousganeh/Desktop/fitnest/code/catalog-service/src/main/java/az/fitnest/catalog/service/impl/GymReadService.java:171: error: cannot find symbol
                                .name(gym.getName())
                                         ^
  symbol:   method getName()
  location: variable gym of type Gym
/Users/aousganeh/Desktop/fitnest/code/catalog-service/src/main/java/az/fitnest/catalog/service/impl/GymReadService.java:172: error: cannot find symbol
                                .address(gym.getAddress() != null ? gym.getAddress().getAddressText() : null)
                                            ^
  symbol:   method getAddress()
  location: variable gym of type Gym
/Users/aousganeh/Desktop/fitnest/code/catalog-service/src/main/java/az/fitnest/catalog/service/impl/GymReadService.java:172: error: cannot find symbol
                                .address(gym.getAddress() != null ? gym.getAddress().getAddressText() : null)
                                                                       ^
  symbol:   method getAddress()
  location: variable gym of type Gym
/Users/aousganeh/Desktop/fitnest/code/catalog-service/src/main/java/az/fitnest/catalog/service/impl/GymReadService.java:173: error: cannot find symbol
                                .rating(gym.getRating())
                                           ^
  symbol:   method getRating()
  location: variable gym of type Gym
/Users/aousganeh/Desktop/fitnest/code/catalog-service/src/main/java/az/fitnest/catalog/service/impl/GymReadService.java:199: error: invalid method reference
            List<Gym> candidates = saved.stream().map(SavedGym::getGym).toList();
                                                      ^
  cannot find symbol
    symbol:   method getGym()
    location: class SavedGym
/Users/aousganeh/Desktop/fitnest/code/catalog-service/src/main/java/az/fitnest/catalog/service/impl/GymReadService.java:223: error: invalid method reference
            List<Long> gymIds = gymPage.getContent().stream().map(Gym::getId).toList();
                                                                  ^
  cannot find symbol
    symbol:   method getId()
    location: class Gym
/Users/aousganeh/Desktop/fitnest/code/catalog-service/src/main/java/az/fitnest/catalog/service/impl/GymReadService.java:230: error: cannot find symbol
        List<GymMainPageDto> items = gymPage.getContent().stream().map(gym -> mapToGymMainPageDto(gym, userId, userLat, userLng, finalSavedIds.contains(gym.getId())))
                                                                                                                                                           ^
  symbol:   method getId()
  location: variable gym of type Gym
/Users/aousganeh/Desktop/fitnest/code/catalog-service/src/main/java/az/fitnest/catalog/service/impl/GymReadService.java:231: error: incompatible types: inference variable T has incompatible bounds
                .collect(Collectors.toList());
                        ^
    equality constraints: GymMainPageDto
    lower bounds: Object
  where T is a type-variable:
    T extends Object declared in method <T>toList()
/Users/aousganeh/Desktop/fitnest/code/catalog-service/src/main/java/az/fitnest/catalog/service/impl/GymReadService.java:237: error: cannot find symbol
        return PaginatedResponse.<GymMainPageDto>builder()
                                ^
  symbol:   method <GymMainPageDto>builder()
  location: class PaginatedResponse
/Users/aousganeh/Desktop/fitnest/code/catalog-service/src/main/java/az/fitnest/catalog/service/impl/GymReadService.java:250: error: cannot find symbol
            stream = stream.filter(g -> (g.getName() != null && g.getName().toLowerCase().contains(lowerQ)) ||
                                          ^
  symbol:   method getName()
  location: variable g of type Gym
/Users/aousganeh/Desktop/fitnest/code/catalog-service/src/main/java/az/fitnest/catalog/service/impl/GymReadService.java:250: error: cannot find symbol
            stream = stream.filter(g -> (g.getName() != null && g.getName().toLowerCase().contains(lowerQ)) ||
                                                                 ^
  symbol:   method getName()
  location: variable g of type Gym
/Users/aousganeh/Desktop/fitnest/code/catalog-service/src/main/java/az/fitnest/catalog/service/impl/GymReadService.java:251: error: cannot find symbol
                    (g.getAddress() != null && g.getAddress().getAddressText() != null && g.getAddress().getAddressText().toLowerCase().contains(lowerQ)));
                      ^
  symbol:   method getAddress()
  location: variable g of type Gym
/Users/aousganeh/Desktop/fitnest/code/catalog-service/src/main/java/az/fitnest/catalog/service/impl/GymReadService.java:251: error: cannot find symbol
                    (g.getAddress() != null && g.getAddress().getAddressText() != null && g.getAddress().getAddressText().toLowerCase().contains(lowerQ)));
                                                ^
  symbol:   method getAddress()
  location: variable g of type Gym
/Users/aousganeh/Desktop/fitnest/code/catalog-service/src/main/java/az/fitnest/catalog/service/impl/GymReadService.java:251: error: cannot find symbol
                    (g.getAddress() != null && g.getAddress().getAddressText() != null && g.getAddress().getAddressText().toLowerCase().contains(lowerQ)));
                                                                                           ^
  symbol:   method getAddress()
  location: variable g of type Gym
/Users/aousganeh/Desktop/fitnest/code/catalog-service/src/main/java/az/fitnest/catalog/service/impl/GymReadService.java:257: error: invalid method reference
            all.sort(Comparator.comparing(GymMainPageDto::getDistanceKm, Comparator.nullsLast(Comparator.naturalOrder())));
                                          ^
  cannot find symbol
    symbol:   method getDistanceKm()
    location: class GymMainPageDto
/Users/aousganeh/Desktop/fitnest/code/catalog-service/src/main/java/az/fitnest/catalog/service/impl/GymReadService.java:264: error: cannot find symbol
        return PaginatedResponse.<GymMainPageDto>builder()
                                ^
  symbol:   method <GymMainPageDto>builder()
  location: class PaginatedResponse
/Users/aousganeh/Desktop/fitnest/code/catalog-service/src/main/java/az/fitnest/catalog/service/impl/GymReadService.java:273: error: cannot find symbol
        double stars = gym.getRating() != null ? gym.getRating() : 0.0;
                          ^
  symbol:   method getRating()
  location: variable gym of type Gym
/Users/aousganeh/Desktop/fitnest/code/catalog-service/src/main/java/az/fitnest/catalog/service/impl/GymReadService.java:273: error: cannot find symbol
        double stars = gym.getRating() != null ? gym.getRating() : 0.0;
                                                    ^
  symbol:   method getRating()
  location: variable gym of type Gym
/Users/aousganeh/Desktop/fitnest/code/catalog-service/src/main/java/az/fitnest/catalog/service/impl/GymReadService.java:274: error: cannot find symbol
        boolean isNew = gym.getCreatedDate() != null && gym.getCreatedDate().isAfter(LocalDateTime.now().minusMonths(1L));
                           ^
  symbol:   method getCreatedDate()
  location: variable gym of type Gym
/Users/aousganeh/Desktop/fitnest/code/catalog-service/src/main/java/az/fitnest/catalog/service/impl/GymReadService.java:274: error: cannot find symbol
        boolean isNew = gym.getCreatedDate() != null && gym.getCreatedDate().isAfter(LocalDateTime.now().minusMonths(1L));
                                                           ^
  symbol:   method getCreatedDate()
  location: variable gym of type Gym
/Users/aousganeh/Desktop/fitnest/code/catalog-service/src/main/java/az/fitnest/catalog/service/impl/GymReadService.java:275: error: cannot find symbol
        Address address = gym.getAddress();
                             ^
  symbol:   method getAddress()
  location: variable gym of type Gym
/Users/aousganeh/Desktop/fitnest/code/catalog-service/src/main/java/az/fitnest/catalog/service/impl/GymReadService.java:277: error: cannot find symbol
        if (userLat != null && userLng != null && address != null && address.getLatitude() != null && address.getLongitude() != null) {
                                                                            ^
  symbol:   method getLatitude()
  location: variable address of type Address
/Users/aousganeh/Desktop/fitnest/code/catalog-service/src/main/java/az/fitnest/catalog/service/impl/GymReadService.java:277: error: cannot find symbol
        if (userLat != null && userLng != null && address != null && address.getLatitude() != null && address.getLongitude() != null) {
                                                                                                             ^
  symbol:   method getLongitude()
  location: variable address of type Address
/Users/aousganeh/Desktop/fitnest/code/catalog-service/src/main/java/az/fitnest/catalog/service/impl/GymReadService.java:278: error: cannot find symbol
            distanceKm = Math.round(calculateDistanceRaw(userLat, userLng, address.getLatitude(), address.getLongitude()) * 10.0) / 10.0;
                                                                                  ^
  symbol:   method getLatitude()
  location: variable address of type Address
/Users/aousganeh/Desktop/fitnest/code/catalog-service/src/main/java/az/fitnest/catalog/service/impl/GymReadService.java:278: error: cannot find symbol
            distanceKm = Math.round(calculateDistanceRaw(userLat, userLng, address.getLatitude(), address.getLongitude()) * 10.0) / 10.0;
                                                                                                         ^
  symbol:   method getLongitude()
  location: variable address of type Address
/Users/aousganeh/Desktop/fitnest/code/catalog-service/src/main/java/az/fitnest/catalog/service/impl/GymReadService.java:280: error: cannot find symbol
        return GymMainPageDto.builder()
                             ^
  symbol:   method builder()
  location: class GymMainPageDto
/Users/aousganeh/Desktop/fitnest/code/catalog-service/src/main/java/az/fitnest/catalog/service/impl/GymReadService.java:281: error: cannot find symbol
                .gymId(gym.getId().toString())
                          ^
  symbol:   method getId()
  location: variable gym of type Gym
/Users/aousganeh/Desktop/fitnest/code/catalog-service/src/main/java/az/fitnest/catalog/service/impl/GymReadService.java:282: error: cannot find symbol
                .name(gym.getName())
                         ^
  symbol:   method getName()
  location: variable gym of type Gym
/Users/aousganeh/Desktop/fitnest/code/catalog-service/src/main/java/az/fitnest/catalog/service/impl/GymReadService.java:283: error: cannot find symbol
                .coverImageUrl(gym.getCoverImageUrl())
                                  ^
  symbol:   method getCoverImageUrl()
  location: variable gym of type Gym
/Users/aousganeh/Desktop/fitnest/code/catalog-service/src/main/java/az/fitnest/catalog/service/impl/GymReadService.java:286: error: cannot find symbol
                .location(address != null ? address.getAddressText() : null)
                                                   ^
  symbol:   method getAddressText()
  location: variable address of type Address
/Users/aousganeh/Desktop/fitnest/code/catalog-service/src/main/java/az/fitnest/catalog/service/impl/GymReadService.java:287: error: cannot find symbol
                .city(address != null ? address.getCity() : null)
                                               ^
  symbol:   method getCity()
  location: variable address of type Address
/Users/aousganeh/Desktop/fitnest/code/catalog-service/src/main/java/az/fitnest/catalog/service/impl/GymReadService.java:294: error: cannot find symbol
        return PaginatedResponse.<GymMainPageDto>builder().items(java.util.Collections.emptyList()).total(0).page(page).pageSize(pageSize).build();
                                ^
  symbol:   method <GymMainPageDto>builder()
  location: class PaginatedResponse
/Users/aousganeh/Desktop/fitnest/code/catalog-service/src/main/java/az/fitnest/catalog/service/impl/GymReadService.java:300: error: cannot find symbol
        Address addr = gym.getAddress();
                          ^
  symbol:   method getAddress()
  location: variable gym of type Gym
/Users/aousganeh/Desktop/fitnest/code/catalog-service/src/main/java/az/fitnest/catalog/service/impl/GymReadService.java:302: error: cannot find symbol
            return LocationDto.builder().build();
                              ^
  symbol:   method builder()
  location: class LocationDto
/Users/aousganeh/Desktop/fitnest/code/catalog-service/src/main/java/az/fitnest/catalog/service/impl/GymReadService.java:304: error: cannot find symbol
        return LocationDto.builder()
                          ^
  symbol:   method builder()
  location: class LocationDto
/Users/aousganeh/Desktop/fitnest/code/catalog-service/src/main/java/az/fitnest/catalog/service/impl/GymReadService.java:305: error: cannot find symbol
                .addressText(addr.getAddressText())
                                 ^
  symbol:   method getAddressText()
  location: variable addr of type Address
/Users/aousganeh/Desktop/fitnest/code/catalog-service/src/main/java/az/fitnest/catalog/service/impl/GymReadService.java:306: error: cannot find symbol
                .latitude(addr.getLatitude())
                              ^
  symbol:   method getLatitude()
  location: variable addr of type Address
/Users/aousganeh/Desktop/fitnest/code/catalog-service/src/main/java/az/fitnest/catalog/service/impl/GymReadService.java:307: error: cannot find symbol
                .longitude(addr.getLongitude())
                               ^
  symbol:   method getLongitude()
  location: variable addr of type Address
/Users/aousganeh/Desktop/fitnest/code/catalog-service/src/main/java/az/fitnest/catalog/service/impl/GymWriteService.java:59: error: cannot find symbol
        gym.setName(request.getName());
                           ^
  symbol:   method getName()
  location: variable request of type GymRequest
/Users/aousganeh/Desktop/fitnest/code/catalog-service/src/main/java/az/fitnest/catalog/service/impl/GymWriteService.java:60: error: cannot find symbol
        gym.setDescription(request.getDescription());
                                  ^
  symbol:   method getDescription()
  location: variable request of type GymRequest
/Users/aousganeh/Desktop/fitnest/code/catalog-service/src/main/java/az/fitnest/catalog/service/impl/GymWriteService.java:63: error: cannot find symbol
        if (request.getAddress() != null) {
                   ^
  symbol:   method getAddress()
  location: variable request of type GymRequest
/Users/aousganeh/Desktop/fitnest/code/catalog-service/src/main/java/az/fitnest/catalog/service/impl/GymWriteService.java:65: error: cannot find symbol
            Double lat = request.getAddress().getLatitude();
                                ^
  symbol:   method getAddress()
  location: variable request of type GymRequest
/Users/aousganeh/Desktop/fitnest/code/catalog-service/src/main/java/az/fitnest/catalog/service/impl/GymWriteService.java:66: error: cannot find symbol
            Double lng = request.getAddress().getLongitude();
                                ^
  symbol:   method getAddress()
  location: variable request of type GymRequest
/Users/aousganeh/Desktop/fitnest/code/catalog-service/src/main/java/az/fitnest/catalog/service/impl/GymWriteService.java:67: error: cannot find symbol
            address.setLatitude(lat);
                   ^
  symbol:   method setLatitude(Double)
  location: variable address of type Address
/Users/aousganeh/Desktop/fitnest/code/catalog-service/src/main/java/az/fitnest/catalog/service/impl/GymWriteService.java:68: error: cannot find symbol
            address.setLongitude(lng);
                   ^
  symbol:   method setLongitude(Double)
  location: variable address of type Address
/Users/aousganeh/Desktop/fitnest/code/catalog-service/src/main/java/az/fitnest/catalog/service/impl/GymWriteService.java:71: error: cannot find symbol
                address.setAddressText(geocoding.getAddressText());
                                                ^
  symbol:   method getAddressText()
  location: variable geocoding of type GeocodingResponse
/Users/aousganeh/Desktop/fitnest/code/catalog-service/src/main/java/az/fitnest/catalog/service/impl/GymWriteService.java:72: error: cannot find symbol
                address.setCity(geocoding.getCity());
                                         ^
  symbol:   method getCity()
  location: variable geocoding of type GeocodingResponse
/Users/aousganeh/Desktop/fitnest/code/catalog-service/src/main/java/az/fitnest/catalog/service/impl/GymWriteService.java:74: error: cannot find symbol
            gym.setAddress(address);
               ^
  symbol:   method setAddress(Address)
  location: variable gym of type Gym
/Users/aousganeh/Desktop/fitnest/code/catalog-service/src/main/java/az/fitnest/catalog/service/impl/GymWriteService.java:76: error: cannot find symbol
        gym.setPhone(request.getPhone());
                            ^
  symbol:   method getPhone()
  location: variable request of type GymRequest
/Users/aousganeh/Desktop/fitnest/code/catalog-service/src/main/java/az/fitnest/catalog/service/impl/GymWriteService.java:77: error: cannot find symbol
        gym.setEmail(request.getEmail());
                            ^
  symbol:   method getEmail()
  location: variable request of type GymRequest
/Users/aousganeh/Desktop/fitnest/code/catalog-service/src/main/java/az/fitnest/catalog/service/impl/GymWriteService.java:78: error: cannot find symbol
        if (request.getCategoryIds() != null && !request.getCategoryIds().isEmpty()) {
                   ^
  symbol:   method getCategoryIds()
  location: variable request of type GymRequest
/Users/aousganeh/Desktop/fitnest/code/catalog-service/src/main/java/az/fitnest/catalog/service/impl/GymWriteService.java:78: error: cannot find symbol
        if (request.getCategoryIds() != null && !request.getCategoryIds().isEmpty()) {
                                                        ^
  symbol:   method getCategoryIds()
  location: variable request of type GymRequest
/Users/aousganeh/Desktop/fitnest/code/catalog-service/src/main/java/az/fitnest/catalog/service/impl/GymWriteService.java:79: error: cannot find symbol
            List<Category> categories = categoryRepository.findAllById(request.getCategoryIds());
                                                                              ^
  symbol:   method getCategoryIds()
  location: variable request of type GymRequest
/Users/aousganeh/Desktop/fitnest/code/catalog-service/src/main/java/az/fitnest/catalog/service/impl/GymWriteService.java:80: error: cannot find symbol
            if (categories.size() != request.getCategoryIds().size()) {
                                            ^
  symbol:   method getCategoryIds()
  location: variable request of type GymRequest
/Users/aousganeh/Desktop/fitnest/code/catalog-service/src/main/java/az/fitnest/catalog/service/impl/GymWriteService.java:83: error: cannot find symbol
            gym.setCategories(new HashSet<>(categories));
               ^
  symbol:   method setCategories(HashSet<Category>)
  location: variable gym of type Gym
/Users/aousganeh/Desktop/fitnest/code/catalog-service/src/main/java/az/fitnest/catalog/service/impl/GymWriteService.java:85: error: cannot find symbol
        gym.setResponsiblePerson(request.getResponsiblePerson());
                                        ^
  symbol:   method getResponsiblePerson()
  location: variable request of type GymRequest
/Users/aousganeh/Desktop/fitnest/code/catalog-service/src/main/java/az/fitnest/catalog/service/impl/GymWriteService.java:86: error: cannot find symbol
        gym.setStatus(request.getStatus() != null ? request.getStatus() : GymStatus.ACTIVE);
           ^
  symbol:   method setStatus(request.ge[...]CTIVE)
  location: variable gym of type Gym
/Users/aousganeh/Desktop/fitnest/code/catalog-service/src/main/java/az/fitnest/catalog/service/impl/GymWriteService.java:86: error: cannot find symbol
        gym.setStatus(request.getStatus() != null ? request.getStatus() : GymStatus.ACTIVE);
                             ^
  symbol:   method getStatus()
  location: variable request of type GymRequest
/Users/aousganeh/Desktop/fitnest/code/catalog-service/src/main/java/az/fitnest/catalog/service/impl/GymWriteService.java:86: error: cannot find symbol
        gym.setStatus(request.getStatus() != null ? request.getStatus() : GymStatus.ACTIVE);
                                                           ^
  symbol:   method getStatus()
  location: variable request of type GymRequest
/Users/aousganeh/Desktop/fitnest/code/catalog-service/src/main/java/az/fitnest/catalog/service/impl/GymWriteService.java:103: error: cannot find symbol
        gym.setName(request.getName());
                           ^
  symbol:   method getName()
  location: variable request of type GymRequest
/Users/aousganeh/Desktop/fitnest/code/catalog-service/src/main/java/az/fitnest/catalog/service/impl/GymWriteService.java:104: error: cannot find symbol
        gym.setDescription(request.getDescription());
                                  ^
  symbol:   method getDescription()
  location: variable request of type GymRequest
/Users/aousganeh/Desktop/fitnest/code/catalog-service/src/main/java/az/fitnest/catalog/service/impl/GymWriteService.java:107: error: cannot find symbol
        if (request.getAddress() != null) {
                   ^
  symbol:   method getAddress()
  location: variable request of type GymRequest
/Users/aousganeh/Desktop/fitnest/code/catalog-service/src/main/java/az/fitnest/catalog/service/impl/GymWriteService.java:109: error: cannot find symbol
            Double lat = request.getAddress().getLatitude();
                                ^
  symbol:   method getAddress()
  location: variable request of type GymRequest
Note: Some input files use or override a deprecated API.
Note: Recompile with -Xlint:deprecation for details.
Note: Some input files use unchecked or unsafe operations.
Note: Recompile with -Xlint:unchecked for details.
100 errors
only showing the first 100 errors, of 468 total; use -Xmaxerrs if you would like to see more

FAILURE: Build failed with an exception.

* What went wrong:
Execution failed for task ':compileJava'.
> Compilation failed; see the compiler error output for details.

* Try:
> Run with --info option to get more log output.
> Run with --scan to get full insights.

BUILD FAILED in 1s
5 actionable tasks: 1 executed, 4 up-to-date
